.next/types/validator.ts(287,39): error TS2307: Cannot find module '../../src/app/reviews/page.js' or its corresponding type declarations.
.next/types/validator.ts(368,39): error TS2307: Cannot find module '../../src/app/wishlist/[userId]/page.js' or its corresponding type declarations.
src/features/payment/components/__tests__/CheckoutPage.test.tsx(11,9): error TS2740: Type '{ id: string; cartId: string; fundingId: string; receiverId: string; funding: { id: string; wishItemId: string; organizerId: string; organizer: { id: string; nickname: string; avatarUrl: string; }; recipientId: string; ... 7 more ...; createdAt: string; }; amount: number; selected: true; isNewFunding: false; created...' is missing the following properties from type 'CartItem': targetType, targetId, receiverNickname, imageKey, and 6 more.
src/features/wallet/components/__tests__/WalletPage.test.tsx(57,9): error TS2322: Type '"PAYMENT"' is not assignable to type 'TransactionType'.
src/lib/demo/__tests__/mock-data.test.ts(17,12): error TS2571: Object is of type 'unknown'.
src/lib/demo/__tests__/mock-data.test.ts(18,12): error TS2571: Object is of type 'unknown'.
src/lib/demo/__tests__/mock-data.test.ts(23,21): error TS2571: Object is of type 'unknown'.
src/lib/demo/__tests__/mock-data.test.ts(42,19): error TS2571: Object is of type 'unknown'.
src/lib/demo/__tests__/mock-data.test.ts(50,12): error TS2571: Object is of type 'unknown'.
src/lib/demo/__tests__/mock-data.test.ts(75,12): error TS2571: Object is of type 'unknown'.
